// Jest Snapshot v1, https://goo.gl/fbAQLP

exports[`<Overlay> Default story renders snapshot 1`] = `
<div>
  <div
    style="border: 1px solid red; padding: 4px;"
  >
    Reference element
  </div>
  <div
    aria-label="menu-options"
    class="rbt-menu dropdown-menu show"
    data-popper-escaped="true"
    data-popper-placement="bottom-start"
    data-popper-reference-hidden="true"
    id="overlay-story"
    role="listbox"
    style="position: fixed; left: 0px; top: 0px; display: block; max-height: 300px; overflow: auto; transform: translate(0px, 0px); width: 0px;"
  >
    <a
      class="dropdown-item"
      href="#"
      role="option"
    >
      This is the menu
    </a>
  </div>
</div>
`;
