// Jest Snapshot v1, https://goo.gl/fbAQLP

exports[`<Hint> Default story renders snapshot 1`] = `
<div
  style="display: flex; flex: 1; height: 100%; position: relative;"
>
  <input
    class="form-control form-control-lg"
    value="cal"
  />
  <input
    aria-hidden="true"
    class="rbt-input-hint"
    readonly=""
    style="background-color: transparent; border-color: transparent; box-shadow: none; color: rgba(0, 0, 0, 0.54); left: 0px; pointer-events: none; position: absolute; top: 0px; width: 100%; border-style: inset inset inset inset; border-width: 2px 2px 2px 2px; line-height: normal; padding: 1px 1px 1px 1px;"
    tabindex="-1"
    value="california"
  />
</div>
`;
