// Jest Snapshot v1, https://goo.gl/fbAQLP

exports[`<TypeaheadMenu> renders a snapshot 1`] = `
<div
  aria-label="menu-options"
  className="rbt-menu dropdown-menu show"
  id="menu-id"
  onMouseDown={[Function]}
  role="listbox"
  style={
    Object {
      "display": "block",
      "maxHeight": "300px",
      "overflow": "auto",
    }
  }
>
  <a
    aria-label="Alabama"
    aria-selected={false}
    className="dropdown-item"
    href="#"
    id="-item-0"
    onClick={[Function]}
    onMouseDown={[Function]}
    role="option"
  >
    Alabama
  </a>
  <a
    aria-label="Alaska"
    aria-selected={false}
    className="dropdown-item"
    href="#"
    id="-item-1"
    onClick={[Function]}
    onMouseDown={[Function]}
    role="option"
  >
    Alaska
  </a>
  <a
    aria-label="Arizona"
    aria-selected={false}
    className="dropdown-item"
    href="#"
    id="-item-2"
    onClick={[Function]}
    onMouseDown={[Function]}
    role="option"
  >
    Arizona
  </a>
  <a
    aria-label="Arkansas"
    aria-selected={false}
    className="dropdown-item"
    href="#"
    id="-item-3"
    onClick={[Function]}
    onMouseDown={[Function]}
    role="option"
  >
    Arkansas
  </a>
  <a
    aria-label="California"
    aria-selected={false}
    className="dropdown-item"
    href="#"
    id="-item-4"
    onClick={[Function]}
    onMouseDown={[Function]}
    role="option"
  >
    California
  </a>
  <a
    aria-label="Colorado"
    aria-selected={false}
    className="dropdown-item"
    href="#"
    id="-item-5"
    onClick={[Function]}
    onMouseDown={[Function]}
    role="option"
  >
    Colorado
  </a>
  <a
    aria-label="Connecticut"
    aria-selected={false}
    className="dropdown-item"
    href="#"
    id="-item-6"
    onClick={[Function]}
    onMouseDown={[Function]}
    role="option"
  >
    Connecticut
  </a>
  <a
    aria-label="Delaware"
    aria-selected={false}
    className="dropdown-item"
    href="#"
    id="-item-7"
    onClick={[Function]}
    onMouseDown={[Function]}
    role="option"
  >
    Delaware
  </a>
  <a
    aria-label="Florida"
    aria-selected={false}
    className="dropdown-item"
    href="#"
    id="-item-8"
    onClick={[Function]}
    onMouseDown={[Function]}
    role="option"
  >
    Florida
  </a>
  <a
    aria-label="Georgia"
    aria-selected={false}
    className="dropdown-item"
    href="#"
    id="-item-9"
    onClick={[Function]}
    onMouseDown={[Function]}
    role="option"
  >
    Georgia
  </a>
  <a
    aria-label="Hawaii"
    aria-selected={false}
    className="dropdown-item"
    href="#"
    id="-item-10"
    onClick={[Function]}
    onMouseDown={[Function]}
    role="option"
  >
    Hawaii
  </a>
  <a
    aria-label="Idaho"
    aria-selected={false}
    className="dropdown-item"
    href="#"
    id="-item-11"
    onClick={[Function]}
    onMouseDown={[Function]}
    role="option"
  >
    Idaho
  </a>
  <a
    aria-label="Illinois"
    aria-selected={false}
    className="dropdown-item"
    href="#"
    id="-item-12"
    onClick={[Function]}
    onMouseDown={[Function]}
    role="option"
  >
    Illinois
  </a>
  <a
    aria-label="Indiana"
    aria-selected={false}
    className="dropdown-item"
    href="#"
    id="-item-13"
    onClick={[Function]}
    onMouseDown={[Function]}
    role="option"
  >
    Indiana
  </a>
  <a
    aria-label="Iowa"
    aria-selected={false}
    className="dropdown-item"
    href="#"
    id="-item-14"
    onClick={[Function]}
    onMouseDown={[Function]}
    role="option"
  >
    Iowa
  </a>
  <a
    aria-label="Kansas"
    aria-selected={false}
    className="dropdown-item"
    href="#"
    id="-item-15"
    onClick={[Function]}
    onMouseDown={[Function]}
    role="option"
  >
    Kansas
  </a>
  <a
    aria-label="Kentucky"
    aria-selected={false}
    className="dropdown-item"
    href="#"
    id="-item-16"
    onClick={[Function]}
    onMouseDown={[Function]}
    role="option"
  >
    Kentucky
  </a>
  <a
    aria-label="Louisiana"
    aria-selected={false}
    className="dropdown-item"
    href="#"
    id="-item-17"
    onClick={[Function]}
    onMouseDown={[Function]}
    role="option"
  >
    Louisiana
  </a>
  <a
    aria-label="Maine"
    aria-selected={false}
    className="dropdown-item"
    href="#"
    id="-item-18"
    onClick={[Function]}
    onMouseDown={[Function]}
    role="option"
  >
    Maine
  </a>
  <a
    aria-label="Maryland"
    aria-selected={false}
    className="dropdown-item"
    href="#"
    id="-item-19"
    onClick={[Function]}
    onMouseDown={[Function]}
    role="option"
  >
    Maryland
  </a>
  <a
    aria-label="Massachusetts"
    aria-selected={false}
    className="dropdown-item"
    href="#"
    id="-item-20"
    onClick={[Function]}
    onMouseDown={[Function]}
    role="option"
  >
    Massachusetts
  </a>
  <a
    aria-label="Michigan"
    aria-selected={false}
    className="dropdown-item"
    href="#"
    id="-item-21"
    onClick={[Function]}
    onMouseDown={[Function]}
    role="option"
  >
    Michigan
  </a>
  <a
    aria-label="Minnesota"
    aria-selected={false}
    className="dropdown-item"
    href="#"
    id="-item-22"
    onClick={[Function]}
    onMouseDown={[Function]}
    role="option"
  >
    Minnesota
  </a>
  <a
    aria-label="Mississippi"
    aria-selected={false}
    className="dropdown-item"
    href="#"
    id="-item-23"
    onClick={[Function]}
    onMouseDown={[Function]}
    role="option"
  >
    Mississippi
  </a>
  <a
    aria-label="Missouri"
    aria-selected={false}
    className="dropdown-item"
    href="#"
    id="-item-24"
    onClick={[Function]}
    onMouseDown={[Function]}
    role="option"
  >
    Missouri
  </a>
  <a
    aria-label="Montana"
    aria-selected={false}
    className="dropdown-item"
    href="#"
    id="-item-25"
    onClick={[Function]}
    onMouseDown={[Function]}
    role="option"
  >
    Montana
  </a>
  <a
    aria-label="Nebraska"
    aria-selected={false}
    className="dropdown-item"
    href="#"
    id="-item-26"
    onClick={[Function]}
    onMouseDown={[Function]}
    role="option"
  >
    Nebraska
  </a>
  <a
    aria-label="Nevada"
    aria-selected={false}
    className="dropdown-item"
    href="#"
    id="-item-27"
    onClick={[Function]}
    onMouseDown={[Function]}
    role="option"
  >
    Nevada
  </a>
  <a
    aria-label="New Hampshire"
    aria-selected={false}
    className="dropdown-item"
    href="#"
    id="-item-28"
    onClick={[Function]}
    onMouseDown={[Function]}
    role="option"
  >
    New Hampshire
  </a>
  <a
    aria-label="New Jersey"
    aria-selected={false}
    className="dropdown-item"
    href="#"
    id="-item-29"
    onClick={[Function]}
    onMouseDown={[Function]}
    role="option"
  >
    New Jersey
  </a>
  <a
    aria-label="New Mexico"
    aria-selected={false}
    className="dropdown-item"
    href="#"
    id="-item-30"
    onClick={[Function]}
    onMouseDown={[Function]}
    role="option"
  >
    New Mexico
  </a>
  <a
    aria-label="New York"
    aria-selected={false}
    className="dropdown-item"
    href="#"
    id="-item-31"
    onClick={[Function]}
    onMouseDown={[Function]}
    role="option"
  >
    New York
  </a>
  <a
    aria-label="North Carolina"
    aria-selected={false}
    className="dropdown-item"
    href="#"
    id="-item-32"
    onClick={[Function]}
    onMouseDown={[Function]}
    role="option"
  >
    North Carolina
  </a>
  <a
    aria-label="North Dakota"
    aria-selected={false}
    className="dropdown-item"
    href="#"
    id="-item-33"
    onClick={[Function]}
    onMouseDown={[Function]}
    role="option"
  >
    North Dakota
  </a>
  <a
    aria-label="Ohio"
    aria-selected={false}
    className="dropdown-item"
    href="#"
    id="-item-34"
    onClick={[Function]}
    onMouseDown={[Function]}
    role="option"
  >
    Ohio
  </a>
  <a
    aria-label="Oklahoma"
    aria-selected={false}
    className="dropdown-item"
    href="#"
    id="-item-35"
    onClick={[Function]}
    onMouseDown={[Function]}
    role="option"
  >
    Oklahoma
  </a>
  <a
    aria-label="Oregon"
    aria-selected={false}
    className="dropdown-item"
    href="#"
    id="-item-36"
    onClick={[Function]}
    onMouseDown={[Function]}
    role="option"
  >
    Oregon
  </a>
  <a
    aria-label="Pennsylvania"
    aria-selected={false}
    className="dropdown-item"
    href="#"
    id="-item-37"
    onClick={[Function]}
    onMouseDown={[Function]}
    role="option"
  >
    Pennsylvania
  </a>
  <a
    aria-label="Rhode Island"
    aria-selected={false}
    className="dropdown-item"
    href="#"
    id="-item-38"
    onClick={[Function]}
    onMouseDown={[Function]}
    role="option"
  >
    Rhode Island
  </a>
  <a
    aria-label="South Carolina"
    aria-selected={false}
    className="dropdown-item"
    href="#"
    id="-item-39"
    onClick={[Function]}
    onMouseDown={[Function]}
    role="option"
  >
    South Carolina
  </a>
  <a
    aria-label="South Dakota"
    aria-selected={false}
    className="dropdown-item"
    href="#"
    id="-item-40"
    onClick={[Function]}
    onMouseDown={[Function]}
    role="option"
  >
    South Dakota
  </a>
  <a
    aria-label="Tennessee"
    aria-selected={false}
    className="dropdown-item"
    href="#"
    id="-item-41"
    onClick={[Function]}
    onMouseDown={[Function]}
    role="option"
  >
    Tennessee
  </a>
  <a
    aria-label="Texas"
    aria-selected={false}
    className="dropdown-item"
    href="#"
    id="-item-42"
    onClick={[Function]}
    onMouseDown={[Function]}
    role="option"
  >
    Texas
  </a>
  <a
    aria-label="Utah"
    aria-selected={false}
    className="dropdown-item"
    href="#"
    id="-item-43"
    onClick={[Function]}
    onMouseDown={[Function]}
    role="option"
  >
    Utah
  </a>
  <a
    aria-label="Vermont"
    aria-selected={false}
    className="dropdown-item"
    href="#"
    id="-item-44"
    onClick={[Function]}
    onMouseDown={[Function]}
    role="option"
  >
    Vermont
  </a>
  <a
    aria-label="Virginia"
    aria-selected={false}
    className="dropdown-item"
    href="#"
    id="-item-45"
    onClick={[Function]}
    onMouseDown={[Function]}
    role="option"
  >
    Virginia
  </a>
  <a
    aria-label="Washington"
    aria-selected={false}
    className="dropdown-item"
    href="#"
    id="-item-46"
    onClick={[Function]}
    onMouseDown={[Function]}
    role="option"
  >
    Washington
  </a>
  <a
    aria-label="West Virginia"
    aria-selected={false}
    className="dropdown-item"
    href="#"
    id="-item-47"
    onClick={[Function]}
    onMouseDown={[Function]}
    role="option"
  >
    West Virginia
  </a>
  <a
    aria-label="Wisconsin"
    aria-selected={false}
    className="dropdown-item"
    href="#"
    id="-item-48"
    onClick={[Function]}
    onMouseDown={[Function]}
    role="option"
  >
    Wisconsin
  </a>
  <a
    aria-label="Wyoming"
    aria-selected={false}
    className="dropdown-item"
    href="#"
    id="-item-49"
    onClick={[Function]}
    onMouseDown={[Function]}
    role="option"
  >
    Wyoming
  </a>
</div>
`;
