// Jest Snapshot v1, https://goo.gl/fbAQLP

exports[`<TypeaheadInputSingle> renders a snapshot 1`] = `
<div
  style={
    Object {
      "display": "flex",
      "flex": 1,
      "height": "100%",
      "position": "relative",
    }
  }
>
  <input
    aria-autocomplete="both"
    aria-haspopup="listbox"
    autoComplete="off"
    className="rbt-input-main form-control rbt-input"
    onChange={[Function]}
    onClick={[Function]}
    onFocus={[Function]}
    onKeyDown={[Function]}
    role="combobox"
    type="text"
    value=""
  />
  <input
    aria-hidden={true}
    className="rbt-input-hint"
    readOnly={true}
    style={
      Object {
        "backgroundColor": "transparent",
        "borderColor": "transparent",
        "boxShadow": "none",
        "color": "rgba(0, 0, 0, 0.54)",
        "left": 0,
        "pointerEvents": "none",
        "position": "absolute",
        "top": 0,
        "width": "100%",
      }
    }
    tabIndex={-1}
    value=""
  />
</div>
`;
