// Jest Snapshot v1, https://goo.gl/fbAQLP

exports[`<TypeaheadInputMulti> renders a snapshot 1`] = `
<div
  className="rbt-input-multi form-control rbt-input"
  onClick={[Function]}
  onFocus={[Function]}
  tabIndex={-1}
>
  <div
    className="rbt-input-wrapper"
  >
    <div
      className="rbt-token rbt-token-removeable"
      onBlur={[Function]}
      onClick={[Function]}
      onFocus={[Function]}
      onKeyDown={[Function]}
      tabIndex={0}
    >
      Alaska
      <button
        aria-label="Remove"
        className="close rbt-close rbt-token-remove-button"
        onClick={[Function]}
        onKeyDown={[Function]}
        tabIndex={-1}
        type="button"
      >
        <span
          aria-hidden="true"
        >
          ×
        </span>
        <span
          className="sr-only visually-hidden"
        >
          Remove
        </span>
      </button>
    </div>
    <div
      className="rbt-token rbt-token-removeable"
      onBlur={[Function]}
      onClick={[Function]}
      onFocus={[Function]}
      onKeyDown={[Function]}
      tabIndex={0}
    >
      Arizona
      <button
        aria-label="Remove"
        className="close rbt-close rbt-token-remove-button"
        onClick={[Function]}
        onKeyDown={[Function]}
        tabIndex={-1}
        type="button"
      >
        <span
          aria-hidden="true"
        >
          ×
        </span>
        <span
          className="sr-only visually-hidden"
        >
          Remove
        </span>
      </button>
    </div>
    <div
      className="rbt-token rbt-token-removeable"
      onBlur={[Function]}
      onClick={[Function]}
      onFocus={[Function]}
      onKeyDown={[Function]}
      tabIndex={0}
    >
      Arkansas
      <button
        aria-label="Remove"
        className="close rbt-close rbt-token-remove-button"
        onClick={[Function]}
        onKeyDown={[Function]}
        tabIndex={-1}
        type="button"
      >
        <span
          aria-hidden="true"
        >
          ×
        </span>
        <span
          className="sr-only visually-hidden"
        >
          Remove
        </span>
      </button>
    </div>
    <div
      style={
        Object {
          "display": "flex",
          "flex": 1,
          "height": "100%",
          "position": "relative",
        }
      }
    >
      <input
        aria-autocomplete="list"
        aria-haspopup="listbox"
        autoComplete="off"
        className="rbt-input-main"
        onChange={[Function]}
        onClick={[Function]}
        onFocus={[Function]}
        onKeyDown={[Function]}
        placeholder=""
        style={
          Object {
            "backgroundColor": "transparent",
            "border": 0,
            "boxShadow": "none",
            "cursor": "inherit",
            "outline": "none",
            "padding": 0,
            "width": "100%",
            "zIndex": 1,
          }
        }
        type="text"
        value=""
      />
      <input
        aria-hidden={true}
        className="rbt-input-hint"
        readOnly={true}
        style={
          Object {
            "backgroundColor": "transparent",
            "borderColor": "transparent",
            "boxShadow": "none",
            "color": "rgba(0, 0, 0, 0.35)",
            "left": 0,
            "pointerEvents": "none",
            "position": "absolute",
            "top": 0,
            "width": "100%",
          }
        }
        tabIndex={-1}
        value=""
      />
    </div>
  </div>
</div>
`;
